// Jest Snapshot v1, https://goo.gl/fbAQLP

exports[`Header renders correctly 1`] = `
<div
  className="grid-container"
>
  <div
    className="grid-header"
  >
    <h1
      id="logo"
    >
      HomeChef
    </h1>
  </div>
</div>
`;

exports[`renders correctly 1`] = `
<div
  className="grid-container"
>
  <div
    className="grid-header"
  >
    <h1
      id="logo"
    >
      HomeChef
    </h1>
  </div>
</div>
`;
